// Vitest Snapshot v1, https://vitest.dev/guide/snapshot.html

exports[`NotificationsList > it matches snapshot 1`] = `
<div
  class="_container_9abc2b"
  data-testid="notifications-list"
>
  <ul
    class="_messageList_9abc2b"
  />
</div>
`;
