// Vitest Snapshot v1, https://vitest.dev/guide/snapshot.html

exports[`NavMenu > it matches snapshot 1`] = `
<div
  class="_container_c5e3a7"
  data-testid="progress-bar"
>
  <div
    class="_progress_c5e3a7"
    style="width: 0%;"
  />
</div>
`;
