// Vitest Snapshot v1, https://vitest.dev/guide/snapshot.html

exports[`PointOfInterestButton > it matches snapshot 1`] = `
<button
  aria-label="Some point"
  class="_navItem_e88351 _button_fb7df1"
  data-testid="somePoint-button"
  tabindex="0"
>
  <span>
    Some point
  </span>
</button>
`;
