// Jest Snapshot v1, https://goo.gl/fbAQLP

exports[`CelestialBody it matches the snapshot 1`] = `
<div
  class="orbit"
  data-testid="jupiter-orbit-line"
  style="animation: orbit 4331s linear infinite; height: 1557342996px; left: -778670498px; top: -778670498px; width: 1557342996px;"
>
  <div
    class="celestialBody some-styles"
    data-testid="jupiter"
    style="animation: planet-rotation 4331s linear infinite; height: 142996px; left: -71498px; top: 50%; width: 142996px;"
    title="some-styles"
  />
</div>
`;
